------------------------------------------------------------
TimeQuest Timing Analyzer Summary
------------------------------------------------------------

Type  : Slow 1100mV 85C Model Setup 'clk'
Slack : -0.404
TNS   : -1.072

Type  : Slow 1100mV 85C Model Hold 'clk'
Slack : 0.387
TNS   : 0.000

Type  : Slow 1100mV 85C Model Minimum Pulse Width 'clk'
Slack : -0.724
TNS   : -5.529

Type  : Slow 1100mV 0C Model Setup 'clk'
Slack : -0.451
TNS   : -1.257

Type  : Slow 1100mV 0C Model Hold 'clk'
Slack : 0.378
TNS   : 0.000

Type  : Slow 1100mV 0C Model Minimum Pulse Width 'clk'
Slack : -0.724
TNS   : -5.707

Type  : Fast 1100mV 85C Model Setup 'clk'
Slack : 0.402
TNS   : 0.000

Type  : Fast 1100mV 85C Model Hold 'clk'
Slack : 0.169
TNS   : 0.000

Type  : Fast 1100mV 85C Model Minimum Pulse Width 'clk'
Slack : -0.080
TNS   : -0.396

Type  : Fast 1100mV 0C Model Setup 'clk'
Slack : 0.427
TNS   : 0.000

Type  : Fast 1100mV 0C Model Hold 'clk'
Slack : 0.154
TNS   : 0.000

Type  : Fast 1100mV 0C Model Minimum Pulse Width 'clk'
Slack : -0.081
TNS   : -0.401

------------------------------------------------------------
