------------------------------------------------------------
TimeQuest Timing Analyzer Summary
------------------------------------------------------------

Type  : Slow 1100mV 85C Model Setup 'clk'
Slack : -0.347
TNS   : -2.154

Type  : Slow 1100mV 85C Model Hold 'clk'
Slack : 0.515
TNS   : 0.000

Type  : Slow 1100mV 85C Model Minimum Pulse Width 'clk'
Slack : -0.724
TNS   : -8.862

Type  : Slow 1100mV 0C Model Setup 'clk'
Slack : -0.269
TNS   : -1.623

Type  : Slow 1100mV 0C Model Hold 'clk'
Slack : 0.487
TNS   : 0.000

Type  : Slow 1100mV 0C Model Minimum Pulse Width 'clk'
Slack : -0.724
TNS   : -9.012

Type  : Fast 1100mV 85C Model Setup 'clk'
Slack : 0.377
TNS   : 0.000

Type  : Fast 1100mV 85C Model Hold 'clk'
Slack : 0.237
TNS   : 0.000

Type  : Fast 1100mV 85C Model Minimum Pulse Width 'clk'
Slack : -0.079
TNS   : -0.629

Type  : Fast 1100mV 0C Model Setup 'clk'
Slack : 0.425
TNS   : 0.000

Type  : Fast 1100mV 0C Model Hold 'clk'
Slack : 0.211
TNS   : 0.000

Type  : Fast 1100mV 0C Model Minimum Pulse Width 'clk'
Slack : -0.080
TNS   : -0.636

------------------------------------------------------------
